

ðŸ”Ž OK with age
{ "name" = "Bob";
  "age" = Some 42;
  "accept_tos" = true;
  "permissions" = ["r"] }

ðŸ”Ž OK without age
{ "name" = "Bob";
  "age" = None;
  "accept_tos" = true;
  "permissions" = ["r"] }

ðŸ”Ž Error without name
[name, error.required]

ðŸ”Ž Error with too low age and empty name
[age, error.range; name, Must not be empty]

ðŸ”Ž Error too many permissions
[permissions, error.length]

ðŸ”Ž Error can't have permissions if not accept TOS
[permissions, error.length]

ðŸ”Ž OK multiple nested values inside form
{ "item_count" = 2;
  "items" =
   [{ "id" = "def";
      "qty" = 10;
      "discount" = 25 };
    { "id" = "abc";
      "qty" = 1;
      "discount" = 0 }] }

ðŸ”Ž Error missing required fields of nested values
[item[0].id, error.required; item[1].qty, error.required]

ðŸ”Ž Indent CSRF tag correctly
200 OK
Content-Type: text/html; charset=utf-8
Set-Cookie: *****

<form method="post" action="/">
  <input value="token-value" name="dream.csrf" type="hidden">
  <input name="id">
  <button type="submit">Add</button>
</form>



ðŸ”Ž Redirect
303 See Other
Location: /todos/abcd


