

‚úîÔ∏é HTML
<!DOCTYPE html>
<html lang="en">
  <head>
    <title>Dream_html Test</title>
    <link rel="preload" as="style" href="/app.css">
  </head>
  <body id="test-content">
    <main spellcheck="true" colspan="1">
      <article id="article-1" class="story">
        <p data-hx-get="/p1?a%20b" data-hx-target="closest article > p">Test para 1.</p>
        <p>Test para 2.</p>
        <a href="/a?b=cd:efg/hij">cd:efg/hij</a>
        <a href="/foo?a=1&amp;b=2%203&amp;c=4%3C5&amp;d=6%3E5">Test</a>
        <a href="/%F0%9F%98%89" data-hx-headers='{"foo": 1}'>wink</a>
        <math style=""></math>
      </article>
      <input type="text" autocomplete="name" onblur="if (1 > 0) alert(this.value)">
      <!-- oops --&gt;&lt;script&gt;alert('lol')&lt;/script&gt; -->
      <dialog open title="&quot;hello&quot;">
        <div></div>
      </dialog>
      <template id="idtmpl">
        <p>Template</p>
      </template>
      <div translate="no">
        <p translate="yes"></p>
      </div>
      <textarea required data-hx-trigger="keyup[target.value.trim() != '']" autocapitalize="words">'super'</textarea>
      <hr class="super">
      <p id="greet-Bob">Hello, Bob!</p>
    </main>
  </body>
</html>



‚úîÔ∏é HTML pretty print corner cases
<div>
  <p translate="yes"></p>
</div>



‚úîÔ∏é Concat HTML - empty list



‚úîÔ∏é Concat HTML - singleton list
<a href="/">Home</a>



‚úîÔ∏é Concat HTML - list
<a href="/">Home</a>, <a href="/a">a</a>


‚úîÔ∏é test raise on adding duplicate attribute


‚úîÔ∏é add class attribute to existing
<div class="foo bar"></div>



‚úîÔ∏é add new attribute
<div class="bar" id="foo"></div>



üîé SVG
<?xml version="1.0" encoding="UTF-8"?>
<svg xmlns="http://www.w3.org/2000/svg" fill="none" viewbox="0 0 24 24" stroke-width="1.5" stroke="currentColor" class="w-6 h-6">
  <path stroke-linecap="round" stroke-linejoin="round" d="M4.5 10.5L12 3m0 0l7.5 7.5M12 3v18" />
</svg>



üîé MathML
<p>
  <math style="">
    <mtable>
      <mtr>
        <mtd>
          <mrow>
            <mrow>
              <mrow>
                <mrow>
                  <mi>a</mi>
                  <mo>‚Å¢</mo>
                  <msup>
                    <mi>x</mi>
                    <mn>2</mn>
                  </msup>
                </mrow>
                <mo>+</mo>
                <mi>b</mi>
                <mo>‚Å¢</mo>
                <mi>x</mi>
              </mrow>
              <mo>+</mo>
              <mi>c</mi>
            </mrow>
          </mrow>
        </mtd>
        <mtd>
          <mo>=</mo>
        </mtd>
        <mtd>
          <mn>0</mn>
        </mtd>
      </mtr>
      <mtr>
        <mtd>
          <mrow>
            <mrow>
              <mi>a</mi>
              <mo>‚Å¢</mo>
              <msup>
                <mi>x</mi>
                <mn>2</mn>
              </msup>
            </mrow>
            <mo>+</mo>
            <mi>b</mi>
            <mo>‚Å¢</mo>
            <mi>x</mi>
          </mrow>
        </mtd>
        <mtd>
          <mo>=</mo>
        </mtd>
        <mtd>
          <mo>‚àí</mo>
          <mi>c</mi>
        </mtd>
      </mtr>
      <mtr>
        <mtd>
          <mrow>
            <mrow>
              <msup>
                <mi>x</mi>
                <mn>2</mn>
              </msup>
            </mrow>
            <mo>+</mo>
            <mfrac>
              <mi>b</mi>
              <mi>a</mi>
            </mfrac>
            <mo>‚Å§</mo>
            <mi>x</mi>
          </mrow>
        </mtd>
        <mtd>
          <mo>=</mo>
        </mtd>
        <mtd>
          <mfrac>
            <mrow>
              <mo>‚àí</mo>
              <mi>c</mi>
            </mrow>
            <mi>a</mi>
          </mfrac>
        </mtd>
        <mtd>
          <mrow>
            <mtext style="color: red; font-size: 10pt;">Divide out leading coefficient.</mtext>
          </mrow>
        </mtd>
      </mtr>
      <mtr>
        <mtd>
          <mrow>
            <mrow>
              <mrow>
                <msup>
                  <mi>x</mi>
                  <mn>2</mn>
                </msup>
              </mrow>
              <mo>+</mo>
              <mfrac>
                <mrow>
                  <mi>b</mi>
                </mrow>
                <mi>a</mi>
              </mfrac>
              <mo>‚Å§</mo>
              <mi>x</mi>
              <mo>+</mo>
              <msup>
                <mrow>
                  <mo>(</mo>
                  <mfrac>
                    <mrow>
                      <mi>b</mi>
                    </mrow>
                    <mrow>
                      <mn>2</mn>
                      <mi>a</mi>
                    </mrow>
                  </mfrac>
                  <mo>)</mo>
                </mrow>
                <mn>2</mn>
              </msup>
            </mrow>
          </mrow>
        </mtd>
        <mtd>
          <mo>=</mo>
        </mtd>
        <mtd>
          <mrow>
            <mfrac>
              <mrow>
                <mo>‚àí</mo>
                <mi>c</mi>
                <mo>(</mo>
                <mn>4</mn>
                <mi>a</mi>
                <mo>)</mo>
              </mrow>
              <mrow>
                <mi>a</mi>
                <mo>(</mo>
                <mn>4</mn>
                <mi>a</mi>
                <mo>)</mo>
              </mrow>
            </mfrac>
            <mo>+</mo>
            <mfrac>
              <mrow>
                <msup>
                  <mi>b</mi>
                  <mn>2</mn>
                </msup>
              </mrow>
              <mrow>
                <mn>4</mn>
                <msup>
                  <mi>a</mi>
                  <mn>2</mn>
                </msup>
              </mrow>
            </mfrac>
          </mrow>
        </mtd>
        <mtd>
          <mrow>
            <mtext style="color: red; font-size: 10pt;">Complete the square.</mtext>
          </mrow>
        </mtd>
      </mtr>
      <mtr>
        <mtd>
          <mrow>
            <mrow>
              <mo>(</mo>
              <mi>x</mi>
              <mo>+</mo>
              <mfrac>
                <mrow>
                  <mi>b</mi>
                </mrow>
                <mrow>
                  <mn>2</mn>
                  <mi>a</mi>
                </mrow>
              </mfrac>
              <mo>)</mo>
              <mo>(</mo>
              <mi>x</mi>
              <mo>+</mo>
              <mfrac>
                <mrow>
                  <mi>b</mi>
                </mrow>
                <mrow>
                  <mn>2</mn>
                  <mi>a</mi>
                </mrow>
              </mfrac>
              <mo>)</mo>
            </mrow>
          </mrow>
        </mtd>
        <mtd>
          <mo>=</mo>
        </mtd>
        <mtd>
          <mfrac>
            <mrow>
              <msup>
                <mi>b</mi>
                <mn>2</mn>
              </msup>
              <mo>‚àí</mo>
              <mn>4</mn>
              <mi>a</mi>
              <mi>c</mi>
            </mrow>
            <mrow>
              <mn>4</mn>
              <msup>
                <mi>a</mi>
                <mn>2</mn>
              </msup>
            </mrow>
          </mfrac>
        </mtd>
        <mtd>
          <mrow>
            <mtext style="color: red; font-size: 10pt;">Discriminant revealed.</mtext>
          </mrow>
        </mtd>
      </mtr>
      <mtr>
        <mtd>
          <mrow>
            <mrow>
              <msup>
                <mrow>
                  <mo>(</mo>
                  <mi>x</mi>
                  <mo>+</mo>
                  <mfrac>
                    <mrow>
                      <mi>b</mi>
                    </mrow>
                    <mrow>
                      <mn>2</mn>
                      <mi>a</mi>
                    </mrow>
                  </mfrac>
                  <mo>)</mo>
                </mrow>
                <mn>2</mn>
              </msup>
            </mrow>
          </mrow>
        </mtd>
        <mtd>
          <mo>=</mo>
        </mtd>
        <mtd>
          <mfrac>
            <mrow>
              <msup>
                <mi>b</mi>
                <mn>2</mn>
              </msup>
              <mo>‚àí</mo>
              <mn>4</mn>
              <mi>a</mi>
              <mi>c</mi>
            </mrow>
            <mrow>
              <mn>4</mn>
              <msup>
                <mi>a</mi>
                <mn>2</mn>
              </msup>
            </mrow>
          </mfrac>
        </mtd>
        <mtd>
          <mrow>
            <mtext style="color: red; font-size: 10pt;" />
          </mrow>
        </mtd>
      </mtr>
      <mtr>
        <mtd>
          <mrow>
            <mrow>
              <mrow>
                <mi>x</mi>
                <mo>+</mo>
                <mfrac>
                  <mrow>
                    <mi>b</mi>
                  </mrow>
                  <mrow>
                    <mn>2</mn>
                    <mi>a</mi>
                  </mrow>
                </mfrac>
              </mrow>
            </mrow>
          </mrow>
        </mtd>
        <mtd>
          <mo>=</mo>
        </mtd>
        <mtd>
          <msqrt>
            <mfrac>
              <mrow>
                <msup>
                  <mi>b</mi>
                  <mn>2</mn>
                </msup>
                <mo>‚àí</mo>
                <mn>4</mn>
                <mi>a</mi>
                <mi>c</mi>
              </mrow>
              <mrow>
                <mn>4</mn>
                <msup>
                  <mi>a</mi>
                  <mn>2</mn>
                </msup>
              </mrow>
            </mfrac>
          </msqrt>
        </mtd>
        <mtd>
          <mrow>
            <mtext style="color: red; font-size: 10pt;" />
          </mrow>
        </mtd>
      </mtr>
      <mtr>
        <mtd>
          <mi>x</mi>
        </mtd>
        <mtd>
          <mo>=</mo>
        </mtd>
        <mtd>
          <mfrac>
            <mrow>
              <mo>‚àí</mo>
              <mi>b</mi>
            </mrow>
            <mrow>
              <mn>2</mn>
              <mi>a</mi>
            </mrow>
          </mfrac>
          <mo>¬±</mo>
          <mrow>
            <mo>{</mo>
            <mi>C</mi>
            <mo>}</mo>
          </mrow>
          <msqrt>
            <mfrac>
              <mrow>
                <msup>
                  <mi>b</mi>
                  <mn>2</mn>
                </msup>
                <mo>‚àí</mo>
                <mn>4</mn>
                <mi>a</mi>
                <mi>c</mi>
              </mrow>
              <mrow>
                <mn>4</mn>
                <msup>
                  <mi>a</mi>
                  <mn>2</mn>
                </msup>
              </mrow>
            </mfrac>
          </msqrt>
        </mtd>
        <mtd>
          <mrow>
            <mtext style="color: red; font-size: 10pt;">There's the vertex formula.</mtext>
          </mrow>
        </mtd>
      </mtr>
      <mtr>
        <mtd>
          <mi>x</mi>
        </mtd>
        <mtd>
          <mo>=</mo>
        </mtd>
        <mtd>
          <mfrac>
            <mrow>
              <mo>‚àí</mo>
              <mi>b</mi>
              <mo>¬±</mo>
              <mrow>
                <mo>{</mo>
                <mi>C</mi>
                <mo>}</mo>
              </mrow>
              <msqrt>
                <msup>
                  <mi>b</mi>
                  <mn>2</mn>
                </msup>
                <mo>‚àí</mo>
                <mn>4</mn>
                <mi>a</mi>
                <mi>c</mi>
              </msqrt>
            </mrow>
            <mrow>
              <mn>2</mn>
              <mi>a</mi>
            </mrow>
          </mfrac>
        </mtd>
        <mtd>
          <mrow>
            <mtext style="color: red; font-size: 10pt;" />
          </mrow>
        </mtd>
      </mtr>
    </mtable>
  </math>
</p>



üîé RSS
<?xml version="1.0" encoding="UTF-8"?>
<rss xmlns:atom="http://www.w3.org/2005/Atom" version="2.0">
  <channel>
    <title>NASA Space Station News</title>
    <link>http://www.nasa.gov/</link>
    <description>A RSS news feed containing the latest NASA press releases on the International Space Station.</description>
    <language>en-us</language>
    <pubDate>Tue, 10 Jun 2003 04:00:00 GMT</pubDate>
    <lastBuildDate>Fri, 21 Jul 2023 09:04 EDT</lastBuildDate>
    <docs>https://www.rssboard.org/rss-specification</docs>
    <generator>pure-html</generator>
    <managingEditor>neil.armstrong@example.com (Neil Armstrong)</managingEditor>
    <webMaster>sally.ride@example.com (Sally Ride)</webMaster>
    <atom:link href="https://www.rssboard.org/files/sample-rss-2.xml" rel="self" type="application/rss+xml" />
    <item>
      <title>Louisiana Students to Hear from NASA Astronauts Aboard Space Station</title>
      <link>http://www.nasa.gov/press-release/louisiana-students-to-hear-from-nasa-astronauts-aboard-space-station</link>
      <description>As part of the state's first Earth-to-space call, students from Louisiana will have an opportunity soon to hear from NASA astronauts aboard the International Space Station.</description>
      <pubDate>Fri, 21 Jul 2023 09:04 EDT</pubDate>
      <guid>http://www.nasa.gov/press-release/louisiana-students-to-hear-from-nasa-astronauts-aboard-space-station</guid>
    </item>
  </channel>
</rss>

